Godot Engine v4.7.2.stable.mono.official.ed1daf0bf - https://godotengine.org
OpenGL API 4.1 Metal - 90.5 - Compatibility - Using Device: Apple - Apple M3 Pro

GdUnit default case deadline: 90s (scale 1)

--------------------------------------------------------------------------------------------------
GdUnit4 Comandline Tool
--------------------------------------------------------------------------------------------------
Disabled fail fast!
Set write reports to reports/NativeHudParticipant-deb4bd49e7e0483284f4bb14944ff5fd
Installing GdUnit4 session system hooks.
Session hook 'GdUnitHtmlTestReporter' installed.
Session hook 'GdUnitXMLTestReporter' installed.
Run Test Suite: res://tests/NativeHudDelivery.gd
  res://tests/NativeHudDelivery.gd > test_published_hud_native_delivery STARTED
Test deadline scale: 1
RFG344 Participant automatic requirements acquisition, initiallyEmpty=True
RFG344 Participant start result: 
RFG344 diagnostic-only authored task layout on fresh public Package, no acceptance claim
RFG344 native mouse: requested=(1117.714, 994.0) viewport=(1117.714, 994.0) hover=/root/NativeHudDelivery/@Node@3/Participant1/TabletopWorkspace/WorldContentSurface/CharacterHudLayer/CharacterHud/Bar/Categories/Powers
RFG344 native button signal count: /root/NativeHudDelivery/@Node@3/Participant1/TabletopWorkspace/WorldContentSurface/CharacterHudLayer/CharacterHud/Bar/Categories/Powers pressed=1 panel=true
RFG344 native mouse: requested=(1186.714, 820.0) viewport=(1186.714, 820.0) hover=/root/NativeHudDelivery/@Node@3/Participant1/TabletopWorkspace/WorldContentSurface/CharacterHudLayer/CharacterHud/Panel/Header/ShowAll
RFG344 native button signal count: /root/NativeHudDelivery/@Node@3/Participant1/TabletopWorkspace/WorldContentSurface/CharacterHudLayer/CharacterHud/Panel/Header/ShowAll pressed=1 panel=true
RFG344 native mouse: requested=(1094.714, 812.0) viewport=(1094.714, 812.0) hover=/root/NativeHudDelivery/@Node@3/Participant1/TabletopWorkspace/WorldContentSurface/CharacterHudLayer/CharacterHud/Panel/List/Row/Launch
RFG344 native button signal count: /root/NativeHudDelivery/@Node@3/Participant1/TabletopWorkspace/WorldContentSurface/CharacterHudLayer/CharacterHud/Panel/List/Row/Launch pressed=1 panel=false
RFG344 authored parent: /root/NativeHudDelivery/@Node@3/Participant1/TabletopWorkspace/WorldContentSurface/ManagedSurface_package_0404eb56_ef27_4b1a_8385_27e4e3ec907e_930279855855/Sections/BodyRegion/BodyPadding/Body/TaskSlot/PowerTask rect=[P: (1461.0, 53.0), S: (458.0, 0.0)] minimum=(0.0, 0.0) combined=(0.0, 0.0) custom=(0.0, 0.0) hflags=3 vflags=1 visible=true clip=false
RFG344 authored parent: /root/NativeHudDelivery/@Node@3/Participant1/TabletopWorkspace/WorldContentSurface/ManagedSurface_package_0404eb56_ef27_4b1a_8385_27e4e3ec907e_930279855855/Sections/BodyRegion/BodyPadding/Body/TaskSlot rect=[P: (1461.0, 53.0), S: (458.0, 1026.0)] minimum=(0.0, 0.0) combined=(0.0, 0.0) custom=(0.0, 0.0) hflags=3 vflags=3 visible=true clip=false
RFG344 authored parent: /root/NativeHudDelivery/@Node@3/Participant1/TabletopWorkspace/WorldContentSurface/ManagedSurface_package_0404eb56_ef27_4b1a_8385_27e4e3ec907e_930279855855/Sections/BodyRegion/BodyPadding/Body rect=[P: (1461.0, 53.0), S: (458.0, 1026.0)] minimum=(0.0, 0.0) combined=(0.0, 0.0) custom=(0.0, 0.0) hflags=3 vflags=3 visible=true clip=true
RFG344 authored parent: /root/NativeHudDelivery/@Node@3/Participant1/TabletopWorkspace/WorldContentSurface/ManagedSurface_package_0404eb56_ef27_4b1a_8385_27e4e3ec907e_930279855855/Sections/BodyRegion/BodyPadding rect=[P: (1461.0, 53.0), S: (458.0, 1026.0)] minimum=(0.0, 0.0) combined=(0.0, 0.0) custom=(0.0, 0.0) hflags=1 vflags=1 visible=true clip=false
RFG344 authored parent: /root/NativeHudDelivery/@Node@3/Participant1/TabletopWorkspace/WorldContentSurface/ManagedSurface_package_0404eb56_ef27_4b1a_8385_27e4e3ec907e_930279855855/Sections/BodyRegion rect=[P: (1461.0, 53.0), S: (458.0, 1026.0)] minimum=(0.0, 0.0) combined=(0.0, 0.0) custom=(0.0, 0.0) hflags=1 vflags=3 visible=true clip=false
RFG344 authored parent: /root/NativeHudDelivery/@Node@3/Participant1/TabletopWorkspace/WorldContentSurface/ManagedSurface_package_0404eb56_ef27_4b1a_8385_27e4e3ec907e_930279855855/Sections rect=[P: (1461.0, 1.0), S: (458.0, 1078.0)] minimum=(125.0, 52.0) combined=(125.0, 52.0) custom=(0.0, 0.0) hflags=1 vflags=1 visible=true clip=false
RFG344 authored parent: /root/NativeHudDelivery/@Node@3/Participant1/TabletopWorkspace/WorldContentSurface/ManagedSurface_package_0404eb56_ef27_4b1a_8385_27e4e3ec907e_930279855855 rect=[P: (1460.0, 0.0), S: (460.0, 1080.0)] minimum=(127.0, 54.0) combined=(320.0, 54.0) custom=(320.0, 0.0) hflags=3 vflags=3 visible=true clip=true
RFG344 authored parent: /root/NativeHudDelivery/@Node@3/Participant1/TabletopWorkspace/WorldContentSurface rect=[P: (0.0, 0.0), S: (1920.0, 1080.0)] minimum=(0.0, 0.0) combined=(0.0, 0.0) custom=(0.0, 0.0) hflags=1 vflags=1 visible=true clip=false
RFG344 authored parent: /root/NativeHudDelivery/@Node@3/Participant1/TabletopWorkspace rect=[P: (0.0, 0.0), S: (1920.0, 1080.0)] minimum=(0.0, 0.0) combined=(0.0, 0.0) custom=(0.0, 0.0) hflags=1 vflags=1 visible=true clip=false
RFG344 authored child: /root/NativeHudDelivery/@Node@3/Participant1/TabletopWorkspace/WorldContentSurface/ManagedSurface_package_0404eb56_ef27_4b1a_8385_27e4e3ec907e_930279855855/Sections/BodyRegion/BodyPadding/Body/TaskSlot/PowerTask/Layout rect=[P: (1473.0, -1.0), S: (434.0, 108.0)] minimum=(254.0, 108.0) combined=(254.0, 108.0) custom=(0.0, 0.0) visible=true clip=false
RFG344 authored child: /root/NativeHudDelivery/@Node@3/Participant1/TabletopWorkspace/WorldContentSurface/ManagedSurface_package_0404eb56_ef27_4b1a_8385_27e4e3ec907e_930279855855/Sections/BodyRegion/BodyPadding/Body/TaskSlot/PowerTask/Layout/Body rect=[P: (1473.0, 55.0), S: (434.0, 0.0)] minimum=(254.0, 0.0) combined=(254.0, 0.0) custom=(0.0, 0.0) visible=true clip=true
RFG344 authored child: /root/NativeHudDelivery/@Node@3/Participant1/TabletopWorkspace/WorldContentSurface/ManagedSurface_package_0404eb56_ef27_4b1a_8385_27e4e3ec907e_930279855855/Sections/BodyRegion/BodyPadding/Body/TaskSlot/PowerTask/Layout/Body/Panel rect=[P: (1473.0, 55.0), S: (434.0, 588.0)] minimum=(254.0, 588.0) combined=(254.0, 588.0) custom=(0.0, 0.0) visible=true clip=false
RFG344 authored child: /root/NativeHudDelivery/@Node@3/Participant1/TabletopWorkspace/WorldContentSurface/ManagedSurface_package_0404eb56_ef27_4b1a_8385_27e4e3ec907e_930279855855/Sections/BodyRegion/BodyPadding/Body/TaskSlot/PowerTask/Layout/Actions rect=[P: (1473.0, 63.0), S: (434.0, 44.0)] minimum=(252.0, 44.0) combined=(252.0, 44.0) custom=(0.0, 0.0) visible=true clip=false
RFG344 authored child: /root/NativeHudDelivery/@Node@3/Participant1/TabletopWorkspace/WorldContentSurface/ManagedSurface_package_0404eb56_ef27_4b1a_8385_27e4e3ec907e_930279855855/Sections/BodyRegion/BodyPadding/Body/TaskSlot/PowerTask/Layout/Actor rect=[P: (1473.0, -1.0), S: (434.0, 20.0)] minimum=(1.0, 20.0) combined=(1.0, 20.0) custom=(0.0, 0.0) visible=true clip=false
RFG344 authored Eligible: /root/NativeHudDelivery/@Node@3/Participant1/TabletopWorkspace/WorldContentSurface/ManagedSurface_package_0404eb56_ef27_4b1a_8385_27e4e3ec907e_930279855855/Sections/BodyRegion/BodyPadding/Body/TaskSlot/PowerTask/Layout/Body/Panel/Cast/Options/Eligible rect=[P: (1473.0, 502.0), S: (434.0, 44.0)] minimum=(46.0, 42.0) combined=(46.0, 44.0) pressed=false
RFG344 native mouse: requested=(1690.0, 524.0) viewport=(1690.0, 524.0) hover=/root/NativeHudDelivery/@Node@3/Participant1/TabletopWorkspace/WorldContentSurface/ManagedSurface_package_0404eb56_ef27_4b1a_8385_27e4e3ec907e_930279855855/Sections/BodyRegion/BodyPadding/Body/TaskSlot
RFG344 native button signal count: /root/NativeHudDelivery/@Node@3/Participant1/TabletopWorkspace/WorldContentSurface/ManagedSurface_package_0404eb56_ef27_4b1a_8385_27e4e3ec907e_930279855855/Sections/BodyRegion/BodyPadding/Body/TaskSlot/PowerTask/Layout/Body/Panel/Cast/Options/Eligible pressed=0 panel=false
RFG344 native mouse: requested=(1238.0, 994.0) viewport=(1238.0, 994.0) hover=/root/NativeHudDelivery/@Node@3/Participant1/TabletopWorkspace/WorldContentSurface/CharacterHudLayer/CharacterHud/Bar/Categories/Items
RFG344 native button signal count: /root/NativeHudDelivery/@Node@3/Participant1/TabletopWorkspace/WorldContentSurface/CharacterHudLayer/CharacterHud/Bar/Categories/Items pressed=1 panel=true
RFG344 native mouse: requested=(1352.0, 820.0) viewport=(1352.0, 820.0) hover=/root/NativeHudDelivery/@Node@3/Participant1/TabletopWorkspace/WorldContentSurface/CharacterHudLayer/CharacterHud/Panel/Header/ShowAll
RFG344 native button signal count: /root/NativeHudDelivery/@Node@3/Participant1/TabletopWorkspace/WorldContentSurface/CharacterHudLayer/CharacterHud/Panel/Header/ShowAll pressed=1 panel=true
RFG344 native mouse: requested=(1215.0, 876.0) viewport=(1215.0, 876.0) hover=/root/NativeHudDelivery/@Node@3/Participant1/TabletopWorkspace/WorldContentSurface/CharacterHudLayer/CharacterHud/Panel/List/Row/Launch
RFG344 native button signal count: /root/NativeHudDelivery/@Node@3/Participant1/TabletopWorkspace/WorldContentSurface/CharacterHudLayer/CharacterHud/Panel/List/Row/Launch pressed=1 panel=false
RFG344 authored parent: /root/NativeHudDelivery/@Node@3/Participant1/TabletopWorkspace/WorldContentSurface/ManagedSurface_package_0404eb56_ef27_4b1a_8385_27e4e3ec907e_1016531523428/Sections/BodyRegion/BodyPadding/Body/TaskSlot/ItemTask rect=[P: (1461.0, 53.0), S: (458.0, 0.0)] minimum=(0.0, 0.0) combined=(0.0, 0.0) custom=(0.0, 0.0) hflags=3 vflags=1 visible=true clip=false
RFG344 authored parent: /root/NativeHudDelivery/@Node@3/Participant1/TabletopWorkspace/WorldContentSurface/ManagedSurface_package_0404eb56_ef27_4b1a_8385_27e4e3ec907e_1016531523428/Sections/BodyRegion/BodyPadding/Body/TaskSlot rect=[P: (1461.0, 53.0), S: (458.0, 1026.0)] minimum=(0.0, 0.0) combined=(0.0, 0.0) custom=(0.0, 0.0) hflags=3 vflags=3 visible=true clip=false
RFG344 authored parent: /root/NativeHudDelivery/@Node@3/Participant1/TabletopWorkspace/WorldContentSurface/ManagedSurface_package_0404eb56_ef27_4b1a_8385_27e4e3ec907e_1016531523428/Sections/BodyRegion/BodyPadding/Body rect=[P: (1461.0, 53.0), S: (458.0, 1026.0)] minimum=(0.0, 0.0) combined=(0.0, 0.0) custom=(0.0, 0.0) hflags=3 vflags=3 visible=true clip=true
RFG344 authored parent: /root/NativeHudDelivery/@Node@3/Participant1/TabletopWorkspace/WorldContentSurface/ManagedSurface_package_0404eb56_ef27_4b1a_8385_27e4e3ec907e_1016531523428/Sections/BodyRegion/BodyPadding rect=[P: (1461.0, 53.0), S: (458.0, 1026.0)] minimum=(0.0, 0.0) combined=(0.0, 0.0) custom=(0.0, 0.0) hflags=1 vflags=1 visible=true clip=false
RFG344 authored parent: /root/NativeHudDelivery/@Node@3/Participant1/TabletopWorkspace/WorldContentSurface/ManagedSurface_package_0404eb56_ef27_4b1a_8385_27e4e3ec907e_1016531523428/Sections/BodyRegion rect=[P: (1461.0, 53.0), S: (458.0, 1026.0)] minimum=(0.0, 0.0) combined=(0.0, 0.0) custom=(0.0, 0.0) hflags=1 vflags=3 visible=true clip=false
RFG344 authored parent: /root/NativeHudDelivery/@Node@3/Participant1/TabletopWorkspace/WorldContentSurface/ManagedSurface_package_0404eb56_ef27_4b1a_8385_27e4e3ec907e_1016531523428/Sections rect=[P: (1461.0, 1.0), S: (458.0, 1078.0)] minimum=(125.0, 52.0) combined=(125.0, 52.0) custom=(0.0, 0.0) hflags=1 vflags=1 visible=true clip=false
RFG344 authored parent: /root/NativeHudDelivery/@Node@3/Participant1/TabletopWorkspace/WorldContentSurface/ManagedSurface_package_0404eb56_ef27_4b1a_8385_27e4e3ec907e_1016531523428 rect=[P: (1460.0, 0.0), S: (460.0, 1080.0)] minimum=(127.0, 54.0) combined=(320.0, 54.0) custom=(320.0, 0.0) hflags=3 vflags=3 visible=true clip=true
RFG344 authored parent: /root/NativeHudDelivery/@Node@3/Participant1/TabletopWorkspace/WorldContentSurface rect=[P: (0.0, 0.0), S: (1920.0, 1080.0)] minimum=(0.0, 0.0) combined=(0.0, 0.0) custom=(0.0, 0.0) hflags=1 vflags=1 visible=true clip=false
RFG344 authored parent: /root/NativeHudDelivery/@Node@3/Participant1/TabletopWorkspace rect=[P: (0.0, 0.0), S: (1920.0, 1080.0)] minimum=(0.0, 0.0) combined=(0.0, 0.0) custom=(0.0, 0.0) hflags=1 vflags=1 visible=true clip=false
RFG344 authored child: /root/NativeHudDelivery/@Node@3/Participant1/TabletopWorkspace/WorldContentSurface/ManagedSurface_package_0404eb56_ef27_4b1a_8385_27e4e3ec907e_1016531523428/Sections/BodyRegion/BodyPadding/Body/TaskSlot/ItemTask/Layout rect=[P: (1473.0, -1.0), S: (434.0, 108.0)] minimum=(199.0, 108.0) combined=(199.0, 108.0) custom=(0.0, 0.0) visible=true clip=false
RFG344 authored child: /root/NativeHudDelivery/@Node@3/Participant1/TabletopWorkspace/WorldContentSurface/ManagedSurface_package_0404eb56_ef27_4b1a_8385_27e4e3ec907e_1016531523428/Sections/BodyRegion/BodyPadding/Body/TaskSlot/ItemTask/Layout/Body rect=[P: (1473.0, 55.0), S: (434.0, 0.0)] minimum=(194.0, 0.0) combined=(194.0, 0.0) custom=(0.0, 0.0) visible=true clip=true
RFG344 authored child: /root/NativeHudDelivery/@Node@3/Participant1/TabletopWorkspace/WorldContentSurface/ManagedSurface_package_0404eb56_ef27_4b1a_8385_27e4e3ec907e_1016531523428/Sections/BodyRegion/BodyPadding/Body/TaskSlot/ItemTask/Layout/Body/Panel rect=[P: (1473.0, 55.0), S: (434.0, 400.0)] minimum=(194.0, 400.0) combined=(194.0, 400.0) custom=(0.0, 0.0) visible=true clip=false
RFG344 authored child: /root/NativeHudDelivery/@Node@3/Participant1/TabletopWorkspace/WorldContentSurface/ManagedSurface_package_0404eb56_ef27_4b1a_8385_27e4e3ec907e_1016531523428/Sections/BodyRegion/BodyPadding/Body/TaskSlot/ItemTask/Layout/Actions rect=[P: (1473.0, 63.0), S: (434.0, 44.0)] minimum=(199.0, 44.0) combined=(199.0, 44.0) custom=(0.0, 0.0) visible=true clip=false
RFG344 authored child: /root/NativeHudDelivery/@Node@3/Participant1/TabletopWorkspace/WorldContentSurface/ManagedSurface_package_0404eb56_ef27_4b1a_8385_27e4e3ec907e_1016531523428/Sections/BodyRegion/BodyPadding/Body/TaskSlot/ItemTask/Layout/Actor rect=[P: (1473.0, -1.0), S: (434.0, 20.0)] minimum=(1.0, 20.0) combined=(1.0, 20.0) custom=(0.0, 0.0) visible=true clip=false
RFG344 authored Eligible: /root/NativeHudDelivery/@Node@3/Participant1/TabletopWorkspace/WorldContentSurface/ManagedSurface_package_0404eb56_ef27_4b1a_8385_27e4e3ec907e_1016531523428/Sections/BodyRegion/BodyPadding/Body/TaskSlot/ItemTask/Layout/Body/Panel/Options/Eligible rect=[P: (1473.0, 411.0), S: (434.0, 44.0)] minimum=(46.0, 42.0) combined=(46.0, 44.0) pressed=false
RFG344 native mouse: requested=(1690.0, 433.0) viewport=(1690.0, 433.0) hover=/root/NativeHudDelivery/@Node@3/Participant1/TabletopWorkspace/WorldContentSurface/ManagedSurface_package_0404eb56_ef27_4b1a_8385_27e4e3ec907e_1016531523428/Sections/BodyRegion/BodyPadding/Body/TaskSlot
RFG344 native button signal count: /root/NativeHudDelivery/@Node@3/Participant1/TabletopWorkspace/WorldContentSurface/ManagedSurface_package_0404eb56_ef27_4b1a_8385_27e4e3ec907e_1016531523428/Sections/BodyRegion/BodyPadding/Body/TaskSlot/ItemTask/Layout/Body/Panel/Options/Eligible pressed=0 panel=false
RFG344 native mouse: requested=(1598.857, 994.0) viewport=(1598.857, 994.0) hover=/root/NativeHudDelivery/@Node@3/Participant1/TabletopWorkspace/WorldContentSurface/CharacterHudLayer/CharacterHud/Bar/Categories/Recovery
RFG344 native button signal count: /root/NativeHudDelivery/@Node@3/Participant1/TabletopWorkspace/WorldContentSurface/CharacterHudLayer/CharacterHud/Bar/Categories/Recovery pressed=1 panel=true
RFG344 native mouse: requested=(1434.0, 748.0) viewport=(1434.0, 748.0) hover=/root/NativeHudDelivery/@Node@3/Participant1/TabletopWorkspace/WorldContentSurface/CharacterHudLayer/CharacterHud/Panel/List/Row/Launch
RFG344 native button signal count: /root/NativeHudDelivery/@Node@3/Participant1/TabletopWorkspace/WorldContentSurface/CharacterHudLayer/CharacterHud/Panel/List/Row/Launch pressed=1 panel=false
RFG344 authored parent: /root/NativeHudDelivery/@Node@3/Participant1/TabletopWorkspace/WorldContentSurface/ManagedSurface_package_0404eb56_ef27_4b1a_8385_27e4e3ec907e_1096659507300/Sections/BodyRegion/BodyPadding/Body/TaskSlot/RecoveryTask rect=[P: (1461.0, 53.0), S: (458.0, 0.0)] minimum=(0.0, 0.0) combined=(0.0, 0.0) custom=(0.0, 0.0) hflags=3 vflags=1 visible=true clip=false
RFG344 authored parent: /root/NativeHudDelivery/@Node@3/Participant1/TabletopWorkspace/WorldContentSurface/ManagedSurface_package_0404eb56_ef27_4b1a_8385_27e4e3ec907e_1096659507300/Sections/BodyRegion/BodyPadding/Body/TaskSlot rect=[P: (1461.0, 53.0), S: (458.0, 1026.0)] minimum=(0.0, 0.0) combined=(0.0, 0.0) custom=(0.0, 0.0) hflags=3 vflags=3 visible=true clip=false
RFG344 authored parent: /root/NativeHudDelivery/@Node@3/Participant1/TabletopWorkspace/WorldContentSurface/ManagedSurface_package_0404eb56_ef27_4b1a_8385_27e4e3ec907e_1096659507300/Sections/BodyRegion/BodyPadding/Body rect=[P: (1461.0, 53.0), S: (458.0, 1026.0)] minimum=(0.0, 0.0) combined=(0.0, 0.0) custom=(0.0, 0.0) hflags=3 vflags=3 visible=true clip=true
RFG344 authored parent: /root/NativeHudDelivery/@Node@3/Participant1/TabletopWorkspace/WorldContentSurface/ManagedSurface_package_0404eb56_ef27_4b1a_8385_27e4e3ec907e_1096659507300/Sections/BodyRegion/BodyPadding rect=[P: (1461.0, 53.0), S: (458.0, 1026.0)] minimum=(0.0, 0.0) combined=(0.0, 0.0) custom=(0.0, 0.0) hflags=1 vflags=1 visible=true clip=false
RFG344 authored parent: /root/NativeHudDelivery/@Node@3/Participant1/TabletopWorkspace/WorldContentSurface/ManagedSurface_package_0404eb56_ef27_4b1a_8385_27e4e3ec907e_1096659507300/Sections/BodyRegion rect=[P: (1461.0, 53.0), S: (458.0, 1026.0)] minimum=(0.0, 0.0) combined=(0.0, 0.0) custom=(0.0, 0.0) hflags=1 vflags=3 visible=true clip=false
RFG344 authored parent: /root/NativeHudDelivery/@Node@3/Participant1/TabletopWorkspace/WorldContentSurface/ManagedSurface_package_0404eb56_ef27_4b1a_8385_27e4e3ec907e_1096659507300/Sections rect=[P: (1461.0, 1.0), S: (458.0, 1078.0)] minimum=(125.0, 52.0) combined=(125.0, 52.0) custom=(0.0, 0.0) hflags=1 vflags=1 visible=true clip=false
RFG344 authored parent: /root/NativeHudDelivery/@Node@3/Participant1/TabletopWorkspace/WorldContentSurface/ManagedSurface_package_0404eb56_ef27_4b1a_8385_27e4e3ec907e_1096659507300 rect=[P: (1460.0, 0.0), S: (460.0, 1080.0)] minimum=(127.0, 54.0) combined=(320.0, 54.0) custom=(320.0, 0.0) hflags=3 vflags=3 visible=true clip=true
RFG344 authored parent: /root/NativeHudDelivery/@Node@3/Participant1/TabletopWorkspace/WorldContentSurface rect=[P: (0.0, 0.0), S: (1920.0, 1080.0)] minimum=(0.0, 0.0) combined=(0.0, 0.0) custom=(0.0, 0.0) hflags=1 vflags=1 visible=true clip=false
RFG344 authored parent: /root/NativeHudDelivery/@Node@3/Participant1/TabletopWorkspace rect=[P: (0.0, 0.0), S: (1920.0, 1080.0)] minimum=(0.0, 0.0) combined=(0.0, 0.0) custom=(0.0, 0.0) hflags=1 vflags=1 visible=true clip=false
RFG344 authored child: /root/NativeHudDelivery/@Node@3/Participant1/TabletopWorkspace/WorldContentSurface/ManagedSurface_package_0404eb56_ef27_4b1a_8385_27e4e3ec907e_1096659507300/Sections/BodyRegion/BodyPadding/Body/TaskSlot/RecoveryTask/Layout rect=[P: (1473.0, -1.0), S: (434.0, 108.0)] minimum=(257.0, 108.0) combined=(257.0, 108.0) custom=(0.0, 0.0) visible=true clip=false
RFG344 authored child: /root/NativeHudDelivery/@Node@3/Participant1/TabletopWorkspace/WorldContentSurface/ManagedSurface_package_0404eb56_ef27_4b1a_8385_27e4e3ec907e_1096659507300/Sections/BodyRegion/BodyPadding/Body/TaskSlot/RecoveryTask/Layout/Body rect=[P: (1473.0, 55.0), S: (434.0, 0.0)] minimum=(257.0, 0.0) combined=(257.0, 0.0) custom=(0.0, 0.0) visible=true clip=true
RFG344 authored child: /root/NativeHudDelivery/@Node@3/Participant1/TabletopWorkspace/WorldContentSurface/ManagedSurface_package_0404eb56_ef27_4b1a_8385_27e4e3ec907e_1096659507300/Sections/BodyRegion/BodyPadding/Body/TaskSlot/RecoveryTask/Layout/Body/Panel rect=[P: (1473.0, 55.0), S: (434.0, 186.0)] minimum=(257.0, 186.0) combined=(257.0, 186.0) custom=(0.0, 0.0) visible=true clip=false
RFG344 authored child: /root/NativeHudDelivery/@Node@3/Participant1/TabletopWorkspace/WorldContentSurface/ManagedSurface_package_0404eb56_ef27_4b1a_8385_27e4e3ec907e_1096659507300/Sections/BodyRegion/BodyPadding/Body/TaskSlot/RecoveryTask/Layout/Actions rect=[P: (1473.0, 63.0), S: (434.0, 44.0)] minimum=(231.0, 44.0) combined=(231.0, 44.0) custom=(0.0, 0.0) visible=true clip=false
RFG344 authored child: /root/NativeHudDelivery/@Node@3/Participant1/TabletopWorkspace/WorldContentSurface/ManagedSurface_package_0404eb56_ef27_4b1a_8385_27e4e3ec907e_1096659507300/Sections/BodyRegion/BodyPadding/Body/TaskSlot/RecoveryTask/Layout/Actor rect=[P: (1473.0, -1.0), S: (434.0, 20.0)] minimum=(1.0, 20.0) combined=(1.0, 20.0) custom=(0.0, 0.0) visible=true clip=false
  res://tests/NativeHudDelivery.gd > test_published_hud_native_delivery FAILED 25s 252ms
  Report:
  Expecting: 'true' but is 'false'	at '_task_layout_diagnostic' in res://tests/NativeHudDelivery.gd:838
	at '_click' in res://tests/NativeHudDelivery.gd:785
	at '_settle' in res://tests/NativeHudDelivery.gd:805  Expecting to be greater than:
 0.000000 but was 0.000000	at '_task_layout_diagnostic' in res://tests/NativeHudDelivery.gd:840
	at '_click' in res://tests/NativeHudDelivery.gd:785
	at '_settle' in res://tests/NativeHudDelivery.gd:805  Expecting: 'true' but is 'false'	at '_task_layout_diagnostic' in res://tests/NativeHudDelivery.gd:838
	at '_click' in res://tests/NativeHudDelivery.gd:785
	at '_settle' in res://tests/NativeHudDelivery.gd:805  Expecting to be greater than:
 0.000000 but was 0.000000	at '_task_layout_diagnostic' in res://tests/NativeHudDelivery.gd:840
	at '_click' in res://tests/NativeHudDelivery.gd:785
	at '_settle' in res://tests/NativeHudDelivery.gd:805  Expecting to be greater than:
 0.000000 but was 0.000000	at '_task_layout_diagnostic' in res://tests/NativeHudDelivery.gd:840
	at '_settle' in res://tests/NativeHudDelivery.gd:805

Statistics: 1 test cases | 0 errors | 5 failures | 0 flaky | 0 skipped | 0 orphans | PASSED 25s 263ms


Overall Summary: 1 test cases | 0 errors | 5 failures | 0 flaky | 0 skipped | 0 orphans |
Executed test suites: (1/1)
Executed test cases : (1/1)
Total execution time: 25s 263ms
 Open XML Report at: file://reports/NativeHudParticipant-deb4bd49e7e0483284f4bb14944ff5fd/report_1/results.xml
Open HTML Report at: file://reports/NativeHudParticipant-deb4bd49e7e0483284f4bb14944ff5fd/report_1/index.html
Exit code: 100
Run dispose test resources
