Godot Engine v4.7.2.stable.mono.official.ed1daf0bf - https://godotengine.org
OpenGL API 4.1 Metal - 90.5 - Compatibility - Using Device: Apple - Apple M3 Pro


--------------------------------------------------------------------------------------------------
GdUnit4 Comandline Tool
--------------------------------------------------------------------------------------------------
Disabled fail fast!
Set write reports to reports/dock-red-native
Installing GdUnit4 session system hooks.
Session hook 'GdUnitHtmlTestReporter' installed.
Session hook 'GdUnitXMLTestReporter' installed.
Run Test Suite: res://tests/dock_layout_disposable.gd
  res://tests/dock_layout_disposable.gd > test_power_body_in_managed_dock_container STARTED
[DEBUG-dock] task=[P: (0.0, 0.0), S: (460.0, 0.0)] min=(0.0, 0.0) slot=[P: (0.0, 0.0), S: (460.0, 824.0)] body=[P: (12.0, 69.0), S: (436.0, 0.0)] panel=[P: (12.0, 69.0), S: (428.0, 558.0)] eligible=[P: (12.0, 448.0), S: (428.0, 44.0)]
  res://tests/dock_layout_disposable.gd > test_power_body_in_managed_dock_container FAILED 208ms
  Report:
  Expecting to be greater than:
 100.000000 but was 0.000000	at 'test_power_body_in_managed_dock_container' in res://tests/dock_layout_disposable.gd:43  Expecting:
 1
 but was
 0	at 'test_power_body_in_managed_dock_container' in res://tests/dock_layout_disposable.gd:48  Expecting: 'true' but is 'false'	at 'test_power_body_in_managed_dock_container' in res://tests/dock_layout_disposable.gd:49

Statistics: 1 test cases | 0 errors | 3 failures | 0 flaky | 0 skipped | 0 orphans | PASSED 217ms


Overall Summary: 1 test cases | 0 errors | 3 failures | 0 flaky | 0 skipped | 0 orphans |
Executed test suites: (1/1)
Executed test cases : (1/1)
Total execution time: 217ms
 Open XML Report at: file://reports/dock-red-native/report_1/results.xml
Open HTML Report at: file://reports/dock-red-native/report_1/index.html
Exit code: 100
Run dispose test resources
