Godot Engine v4.7.2.stable.mono.official.ed1daf0bf - https://godotengine.org

[2J[H
--------------------------------------------------------------------------------------------------
GdUnit4 Comandline Tool
--------------------------------------------------------------------------------------------------
Disabled fail fast!
Set write reports to reports/readiness-affected

Headless mode is ignored by option '--ignoreHeadlessMode'"

Please note that tests that use UI interaction do not work correctly in headless mode.
Godot 'InputEvents' are not transported by the Godot engine in headless mode and therefore
have no effect in the test!

Installing GdUnit4 session system hooks.
Session hook 'GdUnitHtmlTestReporter' installed.
Session hook 'GdUnitXMLTestReporter' installed.
Run Test Suite: res://tests/character_sheet_composition.gd
  res://tests/character_sheet_composition.gd > test_phone_overview_has_one_edit_and_inline_omens STARTED
  res://tests/character_sheet_composition.gd > test_phone_overview_has_one_edit_and_inline_omens PASSED 79ms

  res://tests/character_sheet_composition.gd > test_health_has_no_eligibility_or_authorization_widgets STARTED
  res://tests/character_sheet_composition.gd > test_health_has_no_eligibility_or_authorization_widgets PASSED 23ms

  res://tests/character_sheet_composition.gd > test_sheet_at_constrained_sizes:0 (326, 315, 'en') STARTED
  res://tests/character_sheet_composition.gd > test_sheet_at_constrained_sizes:0 (326, 315, 'en') PASSED 8s 179ms

  res://tests/character_sheet_composition.gd > test_sheet_at_constrained_sizes:1 (326, 315, 'ru') STARTED
  res://tests/character_sheet_composition.gd > test_sheet_at_constrained_sizes:1 (326, 315, 'ru') PASSED 10s 458ms

  res://tests/character_sheet_composition.gd > test_sheet_at_constrained_sizes:2 (375, 313, 'en') STARTED
  res://tests/character_sheet_composition.gd > test_sheet_at_constrained_sizes:2 (375, 313, 'en') PASSED 7s 908ms

  res://tests/character_sheet_composition.gd > test_sheet_at_constrained_sizes:3 (375, 313, 'ru') STARTED
  res://tests/character_sheet_composition.gd > test_sheet_at_constrained_sizes:3 (375, 313, 'ru') PASSED 9s 808ms

  res://tests/character_sheet_composition.gd > test_sheet_at_constrained_sizes:4 (412, 712, 'en') STARTED
  res://tests/character_sheet_composition.gd > test_sheet_at_constrained_sizes:4 (412, 712, 'en') PASSED 7s 670ms

  res://tests/character_sheet_composition.gd > test_sheet_at_constrained_sizes:5 (960, 888, 'en') STARTED
  res://tests/character_sheet_composition.gd > test_sheet_at_constrained_sizes:5 (960, 888, 'en') PASSED 7s 737ms

  res://tests/character_sheet_composition.gd > test_omen_counter_pending_failure_retry_and_read_only STARTED
  res://tests/character_sheet_composition.gd > test_omen_counter_pending_failure_retry_and_read_only PASSED 205ms

Statistics: 9 test cases | 0 errors | 0 failures | 0 flaky | 0 skipped | 0 orphans | PASSED 52s 98ms


Run Test Suite: res://tests/creature_sheet_composition.gd
  res://tests/creature_sheet_composition.gd > test_creature_tabs_editing_and_viewer_at_phone_width:0 (375) STARTED
  res://tests/creature_sheet_composition.gd > test_creature_tabs_editing_and_viewer_at_phone_width:0 (375) PASSED 8s 128ms

  res://tests/creature_sheet_composition.gd > test_creature_tabs_editing_and_viewer_at_phone_width:1 (328) STARTED
  res://tests/creature_sheet_composition.gd > test_creature_tabs_editing_and_viewer_at_phone_width:1 (328) PASSED 8s 190ms

  res://tests/creature_sheet_composition.gd > test_inventory_names_keep_space_and_icons_keep_accessible_actions STARTED
  res://tests/creature_sheet_composition.gd > test_inventory_names_keep_space_and_icons_keep_accessible_actions PASSED 53ms

  res://tests/creature_sheet_composition.gd > test_hidden_character_workflow_cannot_replace_creature_chrome STARTED
  res://tests/creature_sheet_composition.gd > test_hidden_character_workflow_cannot_replace_creature_chrome PASSED 3s 903ms

Statistics: 4 test cases | 0 errors | 0 failures | 0 flaky | 0 skipped | 0 orphans | PASSED 20s 290ms


Overall Summary: 13 test cases | 0 errors | 0 failures | 0 flaky | 0 skipped | 0 orphans |
Executed test suites: (2/2)
Executed test cases : (13/13)
Total execution time: 1min 12s 388ms
 Open XML Report at: file://reports/readiness-affected/report_1/results.xml
Open HTML Report at: file://reports/readiness-affected/report_1/index.html
Exit code: 0
Run dispose test resources
