Godot Engine v4.7.2.stable.mono.official.ed1daf0bf - https://godotengine.org


--------------------------------------------------------------------------------------------------
GdUnit4 Comandline Tool
--------------------------------------------------------------------------------------------------
Disabled fail fast!
Set write reports to reports/russian-review-candidate

Headless mode is ignored by option '--ignoreHeadlessMode'"

Please note that tests that use UI interaction do not work correctly in headless mode.
Godot 'InputEvents' are not transported by the Godot engine in headless mode and therefore
have no effect in the test!

Installing GdUnit4 session system hooks.
Session hook 'GdUnitHtmlTestReporter' installed.
Session hook 'GdUnitXMLTestReporter' installed.
Run Test Suite: res://tests/hud_russian_review_temp.gd
  res://tests/hud_russian_review_temp.gd > test_saved_companion_caption_and_complete_translated_templates STARTED
  res://tests/hud_russian_review_temp.gd > test_saved_companion_caption_and_complete_translated_templates PASSED 791ms

Statistics: 1 test cases | 0 errors | 0 failures | 0 flaky | 0 skipped | 0 orphans | PASSED 799ms


Overall Summary: 1 test cases | 0 errors | 0 failures | 0 flaky | 0 skipped | 0 orphans |
Executed test suites: (1/1)
Executed test cases : (1/1)
Total execution time: 799ms
 Open XML Report at: file://reports/russian-review-candidate/report_1/results.xml
Open HTML Report at: file://reports/russian-review-candidate/report_1/index.html
Exit code: 0
Run dispose test resources
