Godot Engine v4.7.2.stable.mono.official.ed1daf0bf - https://godotengine.org


--------------------------------------------------------------------------------------------------
GdUnit4 Comandline Tool
--------------------------------------------------------------------------------------------------
Disabled fail fast!
Set write reports to reports/action-task-lifetime-final

Headless mode is ignored by option '--ignoreHeadlessMode'"

Please note that tests that use UI interaction do not work correctly in headless mode.
Godot 'InputEvents' are not transported by the Godot engine in headless mode and therefore
have no effect in the test!

Installing GdUnit4 session system hooks.
Session hook 'GdUnitHtmlTestReporter' installed.
Session hook 'GdUnitXMLTestReporter' installed.
Run Test Suite: res://tests/action_task_lifetime_temp.gd
  res://tests/action_task_lifetime_temp.gd > test_authored_task_cancellation_survives_release:0 ('power', 'first') STARTED
  res://tests/action_task_lifetime_temp.gd > test_authored_task_cancellation_survives_release:0 ('power', 'first') PASSED 16ms

  res://tests/action_task_lifetime_temp.gd > test_authored_task_cancellation_survives_release:1 ('morning', 'first') STARTED
  res://tests/action_task_lifetime_temp.gd > test_authored_task_cancellation_survives_release:1 ('morning', 'first') PASSED 20ms

  res://tests/action_task_lifetime_temp.gd > test_authored_task_cancellation_survives_release:2 ('item', 'first') STARTED
  res://tests/action_task_lifetime_temp.gd > test_authored_task_cancellation_survives_release:2 ('item', 'first') PASSED 22ms

  res://tests/action_task_lifetime_temp.gd > test_authored_task_cancellation_survives_release:3 ('health', 'first') STARTED
  res://tests/action_task_lifetime_temp.gd > test_authored_task_cancellation_survives_release:3 ('health', 'first') PASSED 19ms

  res://tests/action_task_lifetime_temp.gd > test_authored_task_cancellation_survives_release:4 ('power', 'retry') STARTED
  res://tests/action_task_lifetime_temp.gd > test_authored_task_cancellation_survives_release:4 ('power', 'retry') PASSED 663ms

  res://tests/action_task_lifetime_temp.gd > test_authored_task_cancellation_survives_release:5 ('morning', 'retry') STARTED
  res://tests/action_task_lifetime_temp.gd > test_authored_task_cancellation_survives_release:5 ('morning', 'retry') PASSED 666ms

  res://tests/action_task_lifetime_temp.gd > test_authored_task_cancellation_survives_release:6 ('item', 'retry') STARTED
  res://tests/action_task_lifetime_temp.gd > test_authored_task_cancellation_survives_release:6 ('item', 'retry') PASSED 675ms

  res://tests/action_task_lifetime_temp.gd > test_authored_task_cancellation_survives_release:7 ('health', 'retry') STARTED
  res://tests/action_task_lifetime_temp.gd > test_authored_task_cancellation_survives_release:7 ('health', 'retry') PASSED 673ms

  res://tests/action_task_lifetime_temp.gd > test_closed_first_reply_keeps_authority_access_and_session_rules:0 ('access') STARTED
  res://tests/action_task_lifetime_temp.gd > test_closed_first_reply_keeps_authority_access_and_session_rules:0 ('access') PASSED 26ms

  res://tests/action_task_lifetime_temp.gd > test_closed_first_reply_keeps_authority_access_and_session_rules:1 ('actor') STARTED
  res://tests/action_task_lifetime_temp.gd > test_closed_first_reply_keeps_authority_access_and_session_rules:1 ('actor') PASSED 20ms

  res://tests/action_task_lifetime_temp.gd > test_closed_first_reply_keeps_authority_access_and_session_rules:2 ('session') STARTED
  res://tests/action_task_lifetime_temp.gd > test_closed_first_reply_keeps_authority_access_and_session_rules:2 ('session') PASSED 19ms

  res://tests/action_task_lifetime_temp.gd > test_permanent_cancel_refusal_releases_request_without_retry:0 (false) STARTED
  res://tests/action_task_lifetime_temp.gd > test_permanent_cancel_refusal_releases_request_without_retry:0 (false) PASSED 660ms

  res://tests/action_task_lifetime_temp.gd > test_permanent_cancel_refusal_releases_request_without_retry:1 (true) STARTED
  res://tests/action_task_lifetime_temp.gd > test_permanent_cancel_refusal_releases_request_without_retry:1 (true) PASSED 661ms

  res://tests/action_task_lifetime_temp.gd > test_companion_authored_task_first_reply_survives_release:0 (false) STARTED
  res://tests/action_task_lifetime_temp.gd > test_companion_authored_task_first_reply_survives_release:0 (false) PASSED 28ms

  res://tests/action_task_lifetime_temp.gd > test_companion_authored_task_first_reply_survives_release:1 (true) STARTED
  res://tests/action_task_lifetime_temp.gd > test_companion_authored_task_first_reply_survives_release:1 (true) PASSED 22ms

  res://tests/action_task_lifetime_temp.gd > test_accepted_cancel_reply_releases_request_after_task_free STARTED
  res://tests/action_task_lifetime_temp.gd > test_accepted_cancel_reply_releases_request_after_task_free PASSED 18ms

Statistics: 16 test cases | 0 errors | 0 failures | 0 flaky | 0 skipped | 0 orphans | PASSED 4s 259ms


Overall Summary: 16 test cases | 0 errors | 0 failures | 0 flaky | 0 skipped | 0 orphans |
Executed test suites: (1/1)
Executed test cases : (16/16)
Total execution time: 4s 259ms
 Open XML Report at: file://reports/action-task-lifetime-final/report_1/results.xml
Open HTML Report at: file://reports/action-task-lifetime-final/report_1/index.html
Exit code: 0
Run dispose test resources
