Godot Engine v4.7.2.stable.mono.official.ed1daf0bf - https://godotengine.org


--------------------------------------------------------------------------------------------------
GdUnit4 Comandline Tool
--------------------------------------------------------------------------------------------------
Disabled fail fast!
Set write reports to reports/action-lifetime-final-affected

Headless mode is ignored by option '--ignoreHeadlessMode'"

Please note that tests that use UI interaction do not work correctly in headless mode.
Godot 'InputEvents' are not transported by the Godot engine in headless mode and therefore
have no effect in the test!

Installing GdUnit4 session system hooks.
Session hook 'GdUnitHtmlTestReporter' installed.
Session hook 'GdUnitXMLTestReporter' installed.
Run Test Suite: res://tests/melee_attack.gd
  res://tests/melee_attack.gd > test_melee_attack STARTED
  res://tests/melee_attack.gd > test_melee_attack PASSED 3ms

  res://tests/melee_attack.gd > test_d2_faces STARTED
  res://tests/melee_attack.gd > test_d2_faces PASSED 4ms

  res://tests/melee_attack.gd > test_boundaries STARTED
  res://tests/melee_attack.gd > test_boundaries PASSED 5ms

  res://tests/melee_attack.gd > test_lifetime STARTED
  res://tests/melee_attack.gd > test_lifetime PASSED 19ms

  res://tests/melee_attack.gd > test_review_regressions STARTED
  res://tests/melee_attack.gd > test_review_regressions PASSED 2s 215ms

Statistics: 5 test cases | 0 errors | 0 failures | 0 flaky | 0 skipped | 0 orphans | PASSED 2s 258ms


Run Test Suite: res://tests/player_defence.gd
  res://tests/player_defence.gd > test_defender_receives_agility_throw_and_success_report STARTED
  res://tests/player_defence.gd > test_defender_receives_agility_throw_and_success_report PASSED 2ms

  res://tests/player_defence.gd > test_failed_defence_offers_protected_damage_or_one_broken_shield STARTED
  res://tests/player_defence.gd > test_failed_defence_offers_protected_damage_or_one_broken_shield PASSED 3ms

  res://tests/player_defence.gd > test_natural_faces_and_fumble_armor_survive_shield_cancellation STARTED
  res://tests/player_defence.gd > test_natural_faces_and_fumble_armor_survive_shield_cancellation PASSED 6ms

  res://tests/player_defence.gd > test_disconnect_or_reconnect_after_damage_refuses_late_choice STARTED
  res://tests/player_defence.gd > test_disconnect_or_reconnect_after_damage_refuses_late_choice PASSED 7ms

  res://tests/player_defence.gd > test_armor_defence_penalty_and_source_automatic_hit STARTED
  res://tests/player_defence.gd > test_armor_defence_penalty_and_source_automatic_hit PASSED 7ms

  res://tests/player_defence.gd > test_shield_choice_rejects_changed_equipment_or_failed_save_without_late_mutation STARTED
  res://tests/player_defence.gd > test_shield_choice_rejects_changed_equipment_or_failed_save_without_late_mutation PASSED 6ms

  res://tests/player_defence.gd > test_explicit_owner_selection_and_no_player_owner_fallback STARTED
  res://tests/player_defence.gd > test_explicit_owner_selection_and_no_player_owner_fallback PASSED 6ms

  res://tests/player_defence.gd > test_live_client_close_during_roll_reply_cancels_once_and_never_resumes STARTED
  res://tests/player_defence.gd > test_live_client_close_during_roll_reply_cancels_once_and_never_resumes PASSED 15ms

  res://tests/player_defence.gd > test_breaking_one_shield_preserves_spares_and_refuses_overlapping_defence STARTED
  res://tests/player_defence.gd > test_breaking_one_shield_preserves_spares_and_refuses_overlapping_defence PASSED 4ms

  res://tests/player_defence.gd > test_invalid_options_can_be_corrected_or_cancelled_and_hp_preview_stays_current STARTED
  res://tests/player_defence.gd > test_invalid_options_can_be_corrected_or_cancelled_and_hp_preview_stays_current PASSED 8ms

  res://tests/player_defence.gd > test_equipped_class_defence_exception_and_scum_keep_armor_penalty:0 ('brown-scimitar-of-galgenbeck', 'fanged-deserter', 10) STARTED
  res://tests/player_defence.gd > test_equipped_class_defence_exception_and_scum_keep_armor_penalty:0 ('brown-scimitar-of-galgenbeck', 'fanged-deserter', 10) PASSED 6ms

  res://tests/player_defence.gd > test_equipped_class_defence_exception_and_scum_keep_armor_penalty:1 ('blade-of-your-ancestors', 'wretched-royalty', 10) STARTED
  res://tests/player_defence.gd > test_equipped_class_defence_exception_and_scum_keep_armor_penalty:1 ('blade-of-your-ancestors', 'wretched-royalty', 10) PASSED 6ms

  res://tests/player_defence.gd > test_equipped_class_defence_exception_and_scum_keep_armor_penalty:2 ('stolen-mitre', 'heretical-priest', 10) STARTED
  res://tests/player_defence.gd > test_equipped_class_defence_exception_and_scum_keep_armor_penalty:2 ('stolen-mitre', 'heretical-priest', 10) PASSED 6ms

  res://tests/player_defence.gd > test_equipped_class_defence_exception_and_scum_keep_armor_penalty:3 ('sword', 'gutterborn-scum', 10) STARTED
  res://tests/player_defence.gd > test_equipped_class_defence_exception_and_scum_keep_armor_penalty:3 ('sword', 'gutterborn-scum', 10) PASSED 7ms

Statistics: 14 test cases | 0 errors | 0 failures | 0 flaky | 0 skipped | 0 orphans | PASSED 111ms


Run Test Suite: res://tests/special_actions.gd
  res://tests/special_actions.gd > test_scroll_selection_during_delayed_refresh_is_accepted_once:0 (false) STARTED
  res://tests/special_actions.gd > test_scroll_selection_during_delayed_refresh_is_accepted_once:0 (false) PASSED 15ms

  res://tests/special_actions.gd > test_scroll_selection_during_delayed_refresh_is_accepted_once:1 (true) STARTED
  res://tests/special_actions.gd > test_scroll_selection_during_delayed_refresh_is_accepted_once:1 (true) PASSED 14ms

  res://tests/special_actions.gd > test_medicine_heals_and_consumes_one_use_atomically STARTED
  res://tests/special_actions.gd > test_medicine_heals_and_consumes_one_use_atomically PASSED 3ms

  res://tests/special_actions.gd > test_poison_routes_resistance_and_applies_hp_loss:0 ('poison-red', true, 10, 7) STARTED
  res://tests/special_actions.gd > test_poison_routes_resistance_and_applies_hp_loss:0 ('poison-red', true, 10, 7) PASSED 2ms

  res://tests/special_actions.gd > test_poison_routes_resistance_and_applies_hp_loss:1 ('poison-black', false, 12, 4) STARTED
  res://tests/special_actions.gd > test_poison_routes_resistance_and_applies_hp_loss:1 ('poison-black', false, 12, 4) PASSED 3ms

  res://tests/special_actions.gd > test_poison_routes_resistance_and_applies_hp_loss:2 ('red-poison-decoction', false, 12, 0) STARTED
  res://tests/special_actions.gd > test_poison_routes_resistance_and_applies_hp_loss:2 ('red-poison-decoction', false, 12, 0) PASSED 2ms

  res://tests/special_actions.gd > test_elixir_uses_shared_doses_and_heals_private_target_at_contact STARTED
  res://tests/special_actions.gd > test_elixir_uses_shared_doses_and_heals_private_target_at_contact PASSED 3ms

  res://tests/special_actions.gd > test_wizard_teeth_request_four_dice_and_report_manual_maximum_damage STARTED
  res://tests/special_actions.gd > test_wizard_teeth_request_four_dice_and_report_manual_maximum_damage PASSED 2ms

  res://tests/special_actions.gd > test_printed_class_tests_resolve_without_automating_later_benefits:0 ('master-of-fate', true, 7, 'right way') STARTED
  res://tests/special_actions.gd > test_printed_class_tests_resolve_without_automating_later_benefits:0 ('master-of-fate', true, 7, 'right way') PASSED 1ms

  res://tests/special_actions.gd > test_printed_class_tests_resolve_without_automating_later_benefits:1 ('filthy-fingersmith', true, 7, 'pockets and locks') STARTED
  res://tests/special_actions.gd > test_printed_class_tests_resolve_without_automating_later_benefits:1 ('filthy-fingersmith', true, 7, 'pockets and locks') PASSED 2ms

  res://tests/special_actions.gd > test_printed_class_tests_resolve_without_automating_later_benefits:2 ('list-of-sins', false, 9, 'discovered') STARTED
  res://tests/special_actions.gd > test_printed_class_tests_resolve_without_automating_later_benefits:2 ('list-of-sins', false, 9, 'discovered') PASSED 3ms

  res://tests/special_actions.gd > test_printed_class_tests_resolve_without_automating_later_benefits:3 ('horn-of-the-schleswig-lords', false, 11, 'automatic success') STARTED
  res://tests/special_actions.gd > test_printed_class_tests_resolve_without_automating_later_benefits:3 ('horn-of-the-schleswig-lords', false, 11, 'automatic success') PASSED 3ms

  res://tests/special_actions.gd > test_printed_class_tests_resolve_without_automating_later_benefits:4 ('stones-taken-from-thel-emas-lost-temple', false, 8, 'sunset') STARTED
  res://tests/special_actions.gd > test_printed_class_tests_resolve_without_automating_later_benefits:4 ('stones-taken-from-thel-emas-lost-temple', false, 8, 'sunset') PASSED 2ms

  res://tests/special_actions.gd > test_decoctions_consume_shared_pool_and_report_durations:0 ('fernors-philtre', [4], '4 hours') STARTED
  res://tests/special_actions.gd > test_decoctions_consume_shared_pool_and_report_durations:0 ('fernors-philtre', [4], '4 hours') PASSED 3ms

  res://tests/special_actions.gd > test_decoctions_consume_shared_pool_and_report_durations:1 ('spider-owl-soup', [], '30 minutes') STARTED
  res://tests/special_actions.gd > test_decoctions_consume_shared_pool_and_report_durations:1 ('spider-owl-soup', [], '30 minutes') PASSED 2ms

  res://tests/special_actions.gd > test_decoctions_consume_shared_pool_and_report_durations:2 ('hyphos-enervating-snuff', [], 'DR14') STARTED
  res://tests/special_actions.gd > test_decoctions_consume_shared_pool_and_report_durations:2 ('hyphos-enervating-snuff', [], 'DR14') PASSED 2ms

  res://tests/special_actions.gd > test_class_parameters_and_manual_benefits:0 ('speaker-of-truths', true, [], 'lowered by 4') STARTED
  res://tests/special_actions.gd > test_class_parameters_and_manual_benefits:0 ('speaker-of-truths', true, [], 'lowered by 4') PASSED 2ms

  res://tests/special_actions.gd > test_class_parameters_and_manual_benefits:1 ('harp', false, [3], '+3') STARTED
  res://tests/special_actions.gd > test_class_parameters_and_manual_benefits:1 ('harp', false, [3], '+3') PASSED 2ms

  res://tests/special_actions.gd > test_class_parameters_and_manual_benefits:2 ('blasphemous-nechrubel-bible', false, [4], 'five minutes') STARTED
  res://tests/special_actions.gd > test_class_parameters_and_manual_benefits:2 ('blasphemous-nechrubel-bible', false, [4], 'five minutes') PASSED 3ms

  res://tests/special_actions.gd > test_class_parameters_and_manual_benefits:3 ('dodging-death', true, [1, 3], '10 rounds') STARTED
  res://tests/special_actions.gd > test_class_parameters_and_manual_benefits:3 ('dodging-death', true, [1, 3], '10 rounds') PASSED 1ms

  res://tests/special_actions.gd > test_class_parameters_and_manual_benefits:4 ('excretal-stealth', true, [], 'DR16') STARTED
  res://tests/special_actions.gd > test_class_parameters_and_manual_benefits:4 ('excretal-stealth', true, [], 'DR16') PASSED 2ms

  res://tests/special_actions.gd > test_class_parameters_and_manual_benefits:5 ('escaping-fate', true, [], 'Omen') STARTED
  res://tests/special_actions.gd > test_class_parameters_and_manual_benefits:5 ('escaping-fate', true, [], 'Omen') PASSED 2ms

  res://tests/special_actions.gd > test_class_parameters_and_manual_benefits:6 ('crumpled-monster-mask', false, [], 'every round') STARTED
  res://tests/special_actions.gd > test_class_parameters_and_manual_benefits:6 ('crumpled-monster-mask', false, [], 'every round') PASSED 2ms

  res://tests/special_actions.gd > test_book_creature_resistance_summons_printed_berserkers_and_spends_daily_use STARTED
  res://tests/special_actions.gd > test_book_creature_resistance_summons_printed_berserkers_and_spends_daily_use PASSED 3ms

  res://tests/special_actions.gd > test_brewing_replaces_two_recipes_and_one_shared_dose_pool STARTED
  res://tests/special_actions.gd > test_brewing_replaces_two_recipes_and_one_shared_dose_pool PASSED 3ms

  res://tests/special_actions.gd > test_invisible_college_rolls_count_and_family_then_keeps_table_selected_scrolls STARTED
  res://tests/special_actions.gd > test_invisible_college_rolls_count_and_family_then_keeps_table_selected_scrolls PASSED 3ms

  res://tests/special_actions.gd > test_mitre_requires_wearing_and_table_selected_stealth_ability STARTED
  res://tests/special_actions.gd > test_mitre_requires_wearing_and_table_selected_stealth_ability PASSED 3ms

  res://tests/special_actions.gd > test_crucifix_rolls_morale_with_explicit_presence_sign_and_private_label STARTED
  res://tests/special_actions.gd > test_crucifix_rolls_morale_with_explicit_presence_sign_and_private_label PASSED 3ms

  res://tests/special_actions.gd > test_vapor_resistance_is_requested_with_table_chosen_ability STARTED
  res://tests/special_actions.gd > test_vapor_resistance_is_requested_with_table_chosen_ability PASSED 3ms

  res://tests/special_actions.gd > test_gob_lobber_rolls_fight_uses_spends_spit_then_routes_witness_tests STARTED
  res://tests/special_actions.gd > test_gob_lobber_rolls_fight_uses_spends_spit_then_routes_witness_tests PASSED 3ms

  res://tests/special_actions.gd > test_cancel_after_bible_parity_preserves_spent_use_and_logs_once STARTED
  res://tests/special_actions.gd > test_cancel_after_bible_parity_preserves_spent_use_and_logs_once PASSED 2ms

  res://tests/special_actions.gd > test_pending_action_stops_after_item_removal_and_on_source_access_loss:0 ('item') STARTED
  res://tests/special_actions.gd > test_pending_action_stops_after_item_removal_and_on_source_access_loss:0 ('item') PASSED 2ms

  res://tests/special_actions.gd > test_pending_action_stops_after_item_removal_and_on_source_access_loss:1 ('access') STARTED
  res://tests/special_actions.gd > test_pending_action_stops_after_item_removal_and_on_source_access_loss:1 ('access') PASSED 2ms

  res://tests/special_actions.gd > test_pending_action_stops_after_item_removal_and_on_source_access_loss:2 ('session') STARTED
  res://tests/special_actions.gd > test_pending_action_stops_after_item_removal_and_on_source_access_loss:2 ('session') PASSED 2ms

  res://tests/special_actions.gd > test_all_invalid_ranges_report_public_labels_and_roll_nothing STARTED
  res://tests/special_actions.gd > test_all_invalid_ranges_report_public_labels_and_roll_nothing PASSED 2ms

  res://tests/special_actions.gd > test_concurrent_actions_from_same_character_are_refused STARTED
  res://tests/special_actions.gd > test_concurrent_actions_from_same_character_are_refused PASSED 2ms

  res://tests/special_actions.gd > test_ancestors_blade_checks_treachery_then_resolves_attack_against_self STARTED
  res://tests/special_actions.gd > test_ancestors_blade_checks_treachery_then_resolves_attack_against_self PASSED 3ms

  res://tests/special_actions.gd > test_triggered_equipment_rolls_damage_and_consumes_only_expendable_bomb:0 ('bomb', [5, 2], 2) STARTED
  res://tests/special_actions.gd > test_triggered_equipment_rolls_damage_and_consumes_only_expendable_bomb:0 ('bomb', [5, 2], 2) PASSED 2ms

  res://tests/special_actions.gd > test_triggered_equipment_rolls_damage_and_consumes_only_expendable_bomb:1 ('bear-trap', [4, 2], 3) STARTED
  res://tests/special_actions.gd > test_triggered_equipment_rolls_damage_and_consumes_only_expendable_bomb:1 ('bear-trap', [4, 2], 3) PASSED 2ms

  res://tests/special_actions.gd > test_triggered_equipment_rolls_damage_and_consumes_only_expendable_bomb:2 ('caltrops', [3, 2, 1], 4) STARTED
  res://tests/special_actions.gd > test_triggered_equipment_rolls_damage_and_consumes_only_expendable_bomb:2 ('caltrops', [3, 2, 1], 4) PASSED 3ms

  res://tests/special_actions.gd > test_food_water_and_oil_use_prescribed_resources_without_timers:0 ('dried-food', 0, 2, 'one day') STARTED
  res://tests/special_actions.gd > test_food_water_and_oil_use_prescribed_resources_without_timers:0 ('dried-food', 0, 2, 'one day') PASSED 3ms

  res://tests/special_actions.gd > test_food_water_and_oil_use_prescribed_resources_without_timers:1 ('waterskin', 1, 1, 'water') STARTED
  res://tests/special_actions.gd > test_food_water_and_oil_use_prescribed_resources_without_timers:1 ('waterskin', 1, 1, 'water') PASSED 2ms

  res://tests/special_actions.gd > test_food_water_and_oil_use_prescribed_resources_without_timers:2 ('lard', 1, 1, 'meal') STARTED
  res://tests/special_actions.gd > test_food_water_and_oil_use_prescribed_resources_without_timers:2 ('lard', 1, 1, 'meal') PASSED 2ms

  res://tests/special_actions.gd > test_food_water_and_oil_use_prescribed_resources_without_timers:3 ('lantern-oil', 0, 2, '7 hours') STARTED
  res://tests/special_actions.gd > test_food_water_and_oil_use_prescribed_resources_without_timers:3 ('lantern-oil', 0, 2, '7 hours') PASSED 2ms

  res://tests/special_actions.gd > test_food_water_and_oil_use_prescribed_resources_without_timers:4 ('torch', 0, 2, 'Burns') STARTED
  res://tests/special_actions.gd > test_food_water_and_oil_use_prescribed_resources_without_timers:4 ('torch', 0, 2, 'Burns') PASSED 2ms

  res://tests/special_actions.gd > test_treacherous_blade_offers_existing_shield_choice_before_hp_change STARTED
  res://tests/special_actions.gd > test_treacherous_blade_offers_existing_shield_choice_before_hp_change PASSED 4ms

  res://tests/special_actions.gd > test_removed_college_ends_before_chosen_scrolls_are_created STARTED
  res://tests/special_actions.gd > test_removed_college_ends_before_chosen_scrolls_are_created PASSED 2ms

  res://tests/special_actions.gd > test_class_agility_tests_include_worn_armor:0 ('filthy-fingersmith', 2, 10) STARTED
  res://tests/special_actions.gd > test_class_agility_tests_include_worn_armor:0 ('filthy-fingersmith', 2, 10) PASSED 2ms

  res://tests/special_actions.gd > test_class_agility_tests_include_worn_armor:1 ('stolen-mitre', 3, 12) STARTED
  res://tests/special_actions.gd > test_class_agility_tests_include_worn_armor:1 ('stolen-mitre', 3, 12) PASSED 2ms

  res://tests/special_actions.gd > test_special_damage_rejects_changed_protection STARTED
  res://tests/special_actions.gd > test_special_damage_rejects_changed_protection PASSED 2ms

  res://tests/special_actions.gd > test_shield_continuation_requires_source_item_and_range:0 ('item') STARTED
  res://tests/special_actions.gd > test_shield_continuation_requires_source_item_and_range:0 ('item') PASSED 3ms

  res://tests/special_actions.gd > test_shield_continuation_requires_source_item_and_range:1 ('range') STARTED
  res://tests/special_actions.gd > test_shield_continuation_requires_source_item_and_range:1 ('range') PASSED 3ms

  res://tests/special_actions.gd > test_bomb_spends_once_before_shield_and_never_refunds_on_cancel:0 ('break') STARTED
  res://tests/special_actions.gd > test_bomb_spends_once_before_shield_and_never_refunds_on_cancel:0 ('break') PASSED 4ms

  res://tests/special_actions.gd > test_bomb_spends_once_before_shield_and_never_refunds_on_cancel:1 ('cancel') STARTED
  res://tests/special_actions.gd > test_bomb_spends_once_before_shield_and_never_refunds_on_cancel:1 ('cancel') PASSED 4ms

  res://tests/special_actions.gd > test_taking_caltrops_damage_preserves_rolled_infection_report STARTED
  res://tests/special_actions.gd > test_taking_caltrops_damage_preserves_rolled_infection_report PASSED 3ms

Statistics: 55 test cases | 0 errors | 0 failures | 0 flaky | 0 skipped | 0 orphans | PASSED 225ms


Run Test Suite: res://tests/power_composition.gd
  res://tests/power_composition.gd > test_cast_controls_and_terminal_gm_report_in_phone_body STARTED
  res://tests/power_composition.gd > test_cast_controls_and_terminal_gm_report_in_phone_body PASSED 627ms

  res://tests/power_composition.gd > test_immediate_healing_guides_count_errors_and_reports_applied_hp STARTED
  res://tests/power_composition.gd > test_immediate_healing_guides_count_errors_and_reports_applied_hp PASSED 1s 834ms

Statistics: 2 test cases | 0 errors | 0 failures | 0 flaky | 0 skipped | 0 orphans | PASSED 2s 466ms


Run Test Suite: res://tests/special_composition.gd
  res://tests/special_composition.gd > test_use_item_shows_recipient_focus_pending_and_healing_outcome STARTED
  res://tests/special_composition.gd > test_use_item_shows_recipient_focus_pending_and_healing_outcome PASSED 621ms

  res://tests/special_composition.gd > test_book_preview_uses_selected_recipient_and_stock_radio_choices STARTED
  res://tests/special_composition.gd > test_book_preview_uses_selected_recipient_and_stock_radio_choices PASSED 20ms

  res://tests/special_composition.gd > test_separate_sheets_keep_independent_radio_selection STARTED
  res://tests/special_composition.gd > test_separate_sheets_keep_independent_radio_selection PASSED 9ms

  res://tests/special_composition.gd > test_malformed_dr_adjustment_does_not_request_a_throw STARTED
  res://tests/special_composition.gd > test_malformed_dr_adjustment_does_not_request_a_throw PASSED 5ms

Statistics: 4 test cases | 0 errors | 0 failures | 0 flaky | 0 skipped | 0 orphans | PASSED 667ms


Run Test Suite: res://tests/health_composition.gd
  res://tests/health_composition.gd > test_recovery_panel_direct_submit_focus_pending_and_result STARTED
  res://tests/health_composition.gd > test_recovery_panel_direct_submit_focus_pending_and_result PASSED 620ms

  res://tests/health_composition.gd > test_specialty_corrections_refresh_live_fields_and_preserve_other_drafts STARTED
  res://tests/health_composition.gd > test_specialty_corrections_refresh_live_fields_and_preserve_other_drafts PASSED 17ms

Statistics: 2 test cases | 0 errors | 0 failures | 0 flaky | 0 skipped | 0 orphans | PASSED 649ms


Run Test Suite: res://tests/defence_composition.gd
  res://tests/defence_composition.gd > test_compact_shield_geometry_focus_pending_and_close STARTED
  res://tests/defence_composition.gd > test_compact_shield_geometry_focus_pending_and_close PASSED 42ms

  res://tests/defence_composition.gd > test_switching_actor_discards_the_previous_defence_presentation STARTED
  res://tests/defence_composition.gd > test_switching_actor_discards_the_previous_defence_presentation PASSED 3ms

Statistics: 2 test cases | 0 errors | 0 failures | 0 flaky | 0 skipped | 0 orphans | PASSED 53ms


Overall Summary: 84 test cases | 0 errors | 0 failures | 0 flaky | 0 skipped | 0 orphans |
Executed test suites: (7/7)
Executed test cases : (84/84)
Total execution time: 6s 429ms
 Open XML Report at: file://reports/action-lifetime-final-affected/report_1/results.xml
Open HTML Report at: file://reports/action-lifetime-final-affected/report_1/index.html
Exit code: 0
Run dispose test resources
