Godot Engine v4.7.2.stable.mono.official.ed1daf0bf - https://godotengine.org
OpenGL API 4.1 Metal - 90.5 - Compatibility - Using Device: Apple - Apple M3 Pro


--------------------------------------------------------------------------------------------------
GdUnit4 Comandline Tool
--------------------------------------------------------------------------------------------------
Disabled fail fast!
Set write reports to reports/rfg331-review-fixes
Installing GdUnit4 session system hooks.
Session hook 'GdUnitHtmlTestReporter' installed.
Session hook 'GdUnitXMLTestReporter' installed.
Run Test Suite: res://tests/rfg331_review_temp/review.gd
  res://tests/rfg331_review_temp/review.gd > test_fallback_targeted_power_and_item_capture_only_actor_current_scene_rook:0 (true) STARTED
  res://tests/rfg331_review_temp/review.gd > test_fallback_targeted_power_and_item_capture_only_actor_current_scene_rook:0 (true) PASSED 1s 145ms

  res://tests/rfg331_review_temp/review.gd > test_fallback_targeted_power_and_item_capture_only_actor_current_scene_rook:1 (false) STARTED
  res://tests/rfg331_review_temp/review.gd > test_fallback_targeted_power_and_item_capture_only_actor_current_scene_rook:1 (false) PASSED 1s 125ms

  res://tests/rfg331_review_temp/review.gd > test_multiple_rooks_require_native_source_choice_and_freeze_after_start:0 (true) STARTED
  res://tests/rfg331_review_temp/review.gd > test_multiple_rooks_require_native_source_choice_and_freeze_after_start:0 (true) PASSED 716ms

  res://tests/rfg331_review_temp/review.gd > test_multiple_rooks_require_native_source_choice_and_freeze_after_start:1 (false) STARTED
  res://tests/rfg331_review_temp/review.gd > test_multiple_rooks_require_native_source_choice_and_freeze_after_start:1 (false) PASSED 687ms

  res://tests/rfg331_review_temp/review.gd > test_no_target_no_rook_path_still_requests_dice:0 (true) STARTED
  res://tests/rfg331_review_temp/review.gd > test_no_target_no_rook_path_still_requests_dice:0 (true) PASSED 703ms

  res://tests/rfg331_review_temp/review.gd > test_no_target_no_rook_path_still_requests_dice:1 (false) STARTED
  res://tests/rfg331_review_temp/review.gd > test_no_target_no_rook_path_still_requests_dice:1 (false) PASSED 654ms

  res://tests/rfg331_review_temp/review.gd > test_delayed_companion_start_close_cancels_underlying_throw_and_inbox:0 (false) STARTED
  res://tests/rfg331_review_temp/review.gd > test_delayed_companion_start_close_cancels_underlying_throw_and_inbox:0 (false) PASSED 765ms

  res://tests/rfg331_review_temp/review.gd > test_delayed_companion_start_close_cancels_underlying_throw_and_inbox:1 (true) STARTED
  res://tests/rfg331_review_temp/review.gd > test_delayed_companion_start_close_cancels_underlying_throw_and_inbox:1 (true) PASSED 781ms

  res://tests/rfg331_review_temp/review.gd > test_authority_spatial_checks_accept_arbitrary_active_scene_and_reject_inactive:0 ('melee.start', false) STARTED
  res://tests/rfg331_review_temp/review.gd > test_authority_spatial_checks_accept_arbitrary_active_scene_and_reject_inactive:0 ('melee.start', false) PASSED 4ms

  res://tests/rfg331_review_temp/review.gd > test_authority_spatial_checks_accept_arbitrary_active_scene_and_reject_inactive:1 ('melee.start', true) STARTED
  res://tests/rfg331_review_temp/review.gd > test_authority_spatial_checks_accept_arbitrary_active_scene_and_reject_inactive:1 ('melee.start', true) PASSED 6ms

  res://tests/rfg331_review_temp/review.gd > test_authority_spatial_checks_accept_arbitrary_active_scene_and_reject_inactive:2 ('attack.validate', false) STARTED
  res://tests/rfg331_review_temp/review.gd > test_authority_spatial_checks_accept_arbitrary_active_scene_and_reject_inactive:2 ('attack.validate', false) PASSED 6ms

  res://tests/rfg331_review_temp/review.gd > test_authority_spatial_checks_accept_arbitrary_active_scene_and_reject_inactive:3 ('attack.validate', true) STARTED
  res://tests/rfg331_review_temp/review.gd > test_authority_spatial_checks_accept_arbitrary_active_scene_and_reject_inactive:3 ('attack.validate', true) PASSED 6ms

  res://tests/rfg331_review_temp/review.gd > test_authority_spatial_checks_accept_arbitrary_active_scene_and_reject_inactive:4 ('power.start', false) STARTED
  res://tests/rfg331_review_temp/review.gd > test_authority_spatial_checks_accept_arbitrary_active_scene_and_reject_inactive:4 ('power.start', false) PASSED 6ms

  res://tests/rfg331_review_temp/review.gd > test_authority_spatial_checks_accept_arbitrary_active_scene_and_reject_inactive:5 ('power.start', true) STARTED
  res://tests/rfg331_review_temp/review.gd > test_authority_spatial_checks_accept_arbitrary_active_scene_and_reject_inactive:5 ('power.start', true) PASSED 6ms

  res://tests/rfg331_review_temp/review.gd > test_authority_spatial_checks_accept_arbitrary_active_scene_and_reject_inactive:6 ('special.start', false) STARTED
  res://tests/rfg331_review_temp/review.gd > test_authority_spatial_checks_accept_arbitrary_active_scene_and_reject_inactive:6 ('special.start', false) PASSED 6ms

  res://tests/rfg331_review_temp/review.gd > test_authority_spatial_checks_accept_arbitrary_active_scene_and_reject_inactive:7 ('special.start', true) STARTED
  res://tests/rfg331_review_temp/review.gd > test_authority_spatial_checks_accept_arbitrary_active_scene_and_reject_inactive:7 ('special.start', true) PASSED 5ms

  res://tests/rfg331_review_temp/review.gd > test_complete_russian_templates_and_native_attack_choices_preserve_names STARTED
  res://tests/rfg331_review_temp/review.gd > test_complete_russian_templates_and_native_attack_choices_preserve_names PASSED 1s 32ms

  res://tests/rfg331_review_temp/review.gd > test_captured_spatial_action_ends_before_effect_after_scene_switch:0 ('melee') STARTED
  res://tests/rfg331_review_temp/review.gd > test_captured_spatial_action_ends_before_effect_after_scene_switch:0 ('melee') PASSED 5ms

  res://tests/rfg331_review_temp/review.gd > test_captured_spatial_action_ends_before_effect_after_scene_switch:1 ('defence') STARTED
  res://tests/rfg331_review_temp/review.gd > test_captured_spatial_action_ends_before_effect_after_scene_switch:1 ('defence') PASSED 7ms

  res://tests/rfg331_review_temp/review.gd > test_captured_spatial_action_ends_before_effect_after_scene_switch:2 ('power') STARTED
  res://tests/rfg331_review_temp/review.gd > test_captured_spatial_action_ends_before_effect_after_scene_switch:2 ('power') PASSED 7ms

  res://tests/rfg331_review_temp/review.gd > test_captured_spatial_action_ends_before_effect_after_scene_switch:3 ('special') STARTED
  res://tests/rfg331_review_temp/review.gd > test_captured_spatial_action_ends_before_effect_after_scene_switch:3 ('special') PASSED 6ms

  res://tests/rfg331_review_temp/review.gd > test_fresh_profile_and_edited_duplicate_companion_keep_exact_attack_identity:0 (false) STARTED
  res://tests/rfg331_review_temp/review.gd > test_fresh_profile_and_edited_duplicate_companion_keep_exact_attack_identity:0 (false) PASSED 6ms

  res://tests/rfg331_review_temp/review.gd > test_fresh_profile_and_edited_duplicate_companion_keep_exact_attack_identity:1 (true) STARTED
  res://tests/rfg331_review_temp/review.gd > test_fresh_profile_and_edited_duplicate_companion_keep_exact_attack_identity:1 (true) PASSED 6ms

  res://tests/rfg331_review_temp/review.gd > test_early_companion_cancel_keeps_original_session_guard:0 (false) STARTED
  res://tests/rfg331_review_temp/review.gd > test_early_companion_cancel_keeps_original_session_guard:0 (false) PASSED 6ms

  res://tests/rfg331_review_temp/review.gd > test_early_companion_cancel_keeps_original_session_guard:1 (true) STARTED
  res://tests/rfg331_review_temp/review.gd > test_early_companion_cancel_keeps_original_session_guard:1 (true) PASSED 6ms

Statistics: 25 test cases | 0 errors | 0 failures | 0 flaky | 0 skipped | 0 orphans | PASSED 7s 744ms


Overall Summary: 25 test cases | 0 errors | 0 failures | 0 flaky | 0 skipped | 0 orphans |
Executed test suites: (1/1)
Executed test cases : (25/25)
Total execution time: 7s 744ms
 Open XML Report at: file://reports/rfg331-review-fixes/report_10/results.xml
Open HTML Report at: file://reports/rfg331-review-fixes/report_10/index.html
Exit code: 0
Run dispose test resources
