Godot Engine v4.7.2.stable.mono.official.ed1daf0bf - https://godotengine.org
OpenGL API 4.1 Metal - 90.5 - Compatibility - Using Device: Apple - Apple M3 Pro


--------------------------------------------------------------------------------------------------
GdUnit4 Comandline Tool
--------------------------------------------------------------------------------------------------
Disabled fail fast!
Set write reports to reports/russian-candidate-final
Installing GdUnit4 session system hooks.
Session hook 'GdUnitHtmlTestReporter' installed.
Session hook 'GdUnitXMLTestReporter' installed.
Run Test Suite: res://tests/hud_russian_temp.gd
  res://tests/hud_russian_temp.gd > test_russian_authored_hud_and_task_copy_across_canonical_profiles STARTED
  res://tests/hud_russian_temp.gd > test_russian_authored_hud_and_task_copy_across_canonical_profiles PASSED 3s 789ms

Statistics: 1 test cases | 0 errors | 0 failures | 0 flaky | 0 skipped | 0 orphans | PASSED 3s 795ms


Overall Summary: 1 test cases | 0 errors | 0 failures | 0 flaky | 0 skipped | 0 orphans |
Executed test suites: (1/1)
Executed test cases : (1/1)
Total execution time: 3s 795ms
 Open XML Report at: file://reports/russian-candidate-final/report_1/results.xml
Open HTML Report at: file://reports/russian-candidate-final/report_1/index.html
Exit code: 0
Run dispose test resources
