Godot Engine v4.7.2.stable.mono.official.ed1daf0bf - https://godotengine.org
OpenGL API 4.1 Metal - 90.5 - Compatibility - Using Device: Apple - Apple M3 Pro


--------------------------------------------------------------------------------------------------
GdUnit4 Comandline Tool
--------------------------------------------------------------------------------------------------
Disabled fail fast!
Set write reports to reports/russian-complete-baseline
Installing GdUnit4 session system hooks.
Session hook 'GdUnitHtmlTestReporter' installed.
Session hook 'GdUnitXMLTestReporter' installed.
Run Test Suite: res://tests/hud_russian_temp.gd
  res://tests/hud_russian_temp.gd > test_russian_actual_controls_names_bounds_and_native_fullname STARTED
RUSSIAN BOUNDS: {"row":[403.142852783203,556.0,376.0,52.0],"title":[450.142852783203,551.0,174.0,44.0]}
  res://tests/hud_russian_temp.gd > test_russian_actual_controls_names_bounds_and_native_fullname FAILED 6s 756ms
  Report:
  Expecting:
 'КОСТИ'
 but was
 'КОСТИDICE'	at 'test_russian_actual_controls_names_bounds_and_native_fullname' in res://tests/hud_russian_temp.gd:52
	at '_settle' in res://tests/hud_russian_temp.gd:291  Expecting:
 'Кости'
 but was
 'КостиDice'	at 'test_russian_actual_controls_names_bounds_and_native_fullname' in res://tests/hud_russian_temp.gd:53
	at '_settle' in res://tests/hud_russian_temp.gd:291  Expecting:
 'Strength'
 but was
 'StrengthСила'	at 'test_russian_actual_controls_names_bounds_and_native_fullname' in res://tests/hud_russian_temp.gd:69
	at '_click' in res://tests/hud_russian_temp.gd:283
	at '_settle' in res://tests/hud_russian_temp.gd:291  Expecting:
 'Strength'
 but was
 'StrengthСила'	at 'test_russian_actual_controls_names_bounds_and_native_fullname' in res://tests/hud_russian_temp.gd:88
	at '_click' in res://tests/hud_russian_temp.gd:283
	at '_settle' in res://tests/hud_russian_temp.gd:291  Expecting:
 'Восстановить знамения'
 but was
 'Восстановить предзнаменования'	at 'test_russian_actual_controls_names_bounds_and_native_fullname' in res://tests/hud_russian_temp.gd:115
	at '_click' in res://tests/hud_russian_temp.gd:283
	at '_settle' in res://tests/hud_russian_temp.gd:291  Expecting:
 'Strength · Без оружия'
 but was
 'Strength · Без оружияUnarmed'	at 'test_russian_actual_controls_names_bounds_and_native_fullname' in res://tests/hud_russian_temp.gd:125
	at '_settle' in res://tests/hud_russian_temp.gd:291  Expecting:
 'Strength · В руках: Strength'
 but was
 'Strength · В руках: StrengthСила'	at 'test_russian_actual_controls_names_bounds_and_native_fullname' in res://tests/hud_russian_temp.gd:138
	at '_settle' in res://tests/hud_russian_temp.gd:291  Expecting:
 'Strength'
 but was
 'StrengthСила'	at 'test_russian_actual_controls_names_bounds_and_native_fullname' in res://tests/hud_russian_temp.gd:155
	at '_settle' in res://tests/hud_russian_temp.gd:291  Expecting:
 'Strength'
 but was
 'StrengthСила'	at 'test_russian_actual_controls_names_bounds_and_native_fullname' in res://tests/hud_russian_temp.gd:168
	at '_click' in res://tests/hud_russian_temp.gd:283
	at '_settle' in res://tests/hud_russian_temp.gd:291  Expecting:
 'Strength · Укус'
 but was
 'Strength · УкусBite'	at 'test_russian_actual_controls_names_bounds_and_native_fullname' in res://tests/hud_russian_temp.gd:179
	at '_click' in res://tests/hud_russian_temp.gd:283
	at '_settle' in res://tests/hud_russian_temp.gd:291  Expecting:
 'Strength · В руках: Strength'
 but was
 'Strength · В руках: StrengthСила'	at 'test_russian_actual_controls_names_bounds_and_native_fullname' in res://tests/hud_russian_temp.gd:203
	at '_settle' in res://tests/hud_russian_temp.gd:291  Expecting:
 'КОСТИ'
 but was
 'КОСТИDICE'	at 'test_russian_actual_controls_names_bounds_and_native_fullname' in res://tests/hud_russian_temp.gd:52
	at '_settle' in res://tests/hud_russian_temp.gd:291  Expecting:
 'Кости'
 but was
 'КостиDice'	at 'test_russian_actual_controls_names_bounds_and_native_fullname' in res://tests/hud_russian_temp.gd:53
	at '_settle' in res://tests/hud_russian_temp.gd:291  Expecting:
 'Strength'
 but was
 'StrengthСила'	at 'test_russian_actual_controls_names_bounds_and_native_fullname' in res://tests/hud_russian_temp.gd:69
	at '_click' in res://tests/hud_russian_temp.gd:283
	at '_settle' in res://tests/hud_russian_temp.gd:291  Expecting: 'true' but is 'false'	at '_bounds' in res://tests/hud_russian_temp.gd:256
	at 'test_russian_actual_controls_names_bounds_and_native_fullname' in res://tests/hud_russian_temp.gd:70
	at '_click' in res://tests/hud_russian_temp.gd:283
	at '_settle' in res://tests/hud_russian_temp.gd:291  Expecting:
 'Strength'
 but was
 'StrengthСила'	at 'test_russian_actual_controls_names_bounds_and_native_fullname' in res://tests/hud_russian_temp.gd:88
	at '_click' in res://tests/hud_russian_temp.gd:283
	at '_settle' in res://tests/hud_russian_temp.gd:291  Expecting:
 'Восстановить знамения'
 but was
 'Восстановить предзнаменования'	at 'test_russian_actual_controls_names_bounds_and_native_fullname' in res://tests/hud_russian_temp.gd:115
	at '_click' in res://tests/hud_russian_temp.gd:283
	at '_settle' in res://tests/hud_russian_temp.gd:291  Expecting:
 'Strength · Без оружия'
 but was
 'Strength · Без оружияUnarmed'	at 'test_russian_actual_controls_names_bounds_and_native_fullname' in res://tests/hud_russian_temp.gd:125
	at '_settle' in res://tests/hud_russian_temp.gd:291  Expecting:
 'Strength · В руках: Strength'
 but was
 'Strength · В руках: StrengthСила'	at 'test_russian_actual_controls_names_bounds_and_native_fullname' in res://tests/hud_russian_temp.gd:138
	at '_settle' in res://tests/hud_russian_temp.gd:291  Expecting:
 'Strength'
 but was
 'StrengthСила'	at 'test_russian_actual_controls_names_bounds_and_native_fullname' in res://tests/hud_russian_temp.gd:155
	at '_settle' in res://tests/hud_russian_temp.gd:291  Expecting:
 'Strength'
 but was
 'StrengthСила'	at 'test_russian_actual_controls_names_bounds_and_native_fullname' in res://tests/hud_russian_temp.gd:168
	at '_click' in res://tests/hud_russian_temp.gd:283
	at '_settle' in res://tests/hud_russian_temp.gd:291  Expecting:
 'Strength · Укус'
 but was
 'Strength · УкусBite'	at 'test_russian_actual_controls_names_bounds_and_native_fullname' in res://tests/hud_russian_temp.gd:179
	at '_click' in res://tests/hud_russian_temp.gd:283
	at '_settle' in res://tests/hud_russian_temp.gd:291  Expecting:
 'Strength · В руках: Strength'
 but was
 'Strength · В руках: StrengthСила'	at 'test_russian_actual_controls_names_bounds_and_native_fullname' in res://tests/hud_russian_temp.gd:203
	at '_settle' in res://tests/hud_russian_temp.gd:291  Expecting:
 'КОСТИ'
 but was
 'КОСТИDICE'	at 'test_russian_actual_controls_names_bounds_and_native_fullname' in res://tests/hud_russian_temp.gd:52
	at '_settle' in res://tests/hud_russian_temp.gd:291  Expecting:
 'Кости'
 but was
 'КостиDice'	at 'test_russian_actual_controls_names_bounds_and_native_fullname' in res://tests/hud_russian_temp.gd:53
	at '_settle' in res://tests/hud_russian_temp.gd:291  Expecting:
 'Strength'
 but was
 'StrengthСила'	at 'test_russian_actual_controls_names_bounds_and_native_fullname' in res://tests/hud_russian_temp.gd:69
	at '_click' in res://tests/hud_russian_temp.gd:283
	at '_settle' in res://tests/hud_russian_temp.gd:291  Expecting:
 'Strength'
 but was
 'StrengthСила'	at 'test_russian_actual_controls_names_bounds_and_native_fullname' in res://tests/hud_russian_temp.gd:88
	at '_click' in res://tests/hud_russian_temp.gd:283
	at '_settle' in res://tests/hud_russian_temp.gd:291  Expecting:
 'Восстановить знамения'
 but was
 'Восстановить предзнаменования'	at 'test_russian_actual_controls_names_bounds_and_native_fullname' in res://tests/hud_russian_temp.gd:115
	at '_click' in res://tests/hud_russian_temp.gd:283
	at '_settle' in res://tests/hud_russian_temp.gd:291  Expecting:
 'Strength · Без оружия'
 but was
 'Strength · Без оружияUnarmed'	at 'test_russian_actual_controls_names_bounds_and_native_fullname' in res://tests/hud_russian_temp.gd:125
	at '_settle' in res://tests/hud_russian_temp.gd:291  Expecting:
 'Strength · В руках: Strength'
 but was
 'Strength · В руках: StrengthСила'	at 'test_russian_actual_controls_names_bounds_and_native_fullname' in res://tests/hud_russian_temp.gd:138
	at '_settle' in res://tests/hud_russian_temp.gd:291  Expecting:
 'Strength'
 but was
 'StrengthСила'	at 'test_russian_actual_controls_names_bounds_and_native_fullname' in res://tests/hud_russian_temp.gd:155
	at '_settle' in res://tests/hud_russian_temp.gd:291  Expecting:
 'Strength'
 but was
 'StrengthСила'	at 'test_russian_actual_controls_names_bounds_and_native_fullname' in res://tests/hud_russian_temp.gd:168
	at '_click' in res://tests/hud_russian_temp.gd:283
	at '_settle' in res://tests/hud_russian_temp.gd:291  Expecting:
 'Strength · Укус'
 but was
 'Strength · УкусBite'	at 'test_russian_actual_controls_names_bounds_and_native_fullname' in res://tests/hud_russian_temp.gd:179
	at '_click' in res://tests/hud_russian_temp.gd:283
	at '_settle' in res://tests/hud_russian_temp.gd:291  Expecting:
 'Strength · В руках: Strength'
 but was
 'Strength · В руках: StrengthСила'	at 'test_russian_actual_controls_names_bounds_and_native_fullname' in res://tests/hud_russian_temp.gd:203
	at '_settle' in res://tests/hud_russian_temp.gd:291  Expecting:
 'Strength · В руках: Strength'
 but was
 'Strength · В руках: StrengthСила'	at 'test_russian_actual_controls_names_bounds_and_native_fullname' in res://tests/hud_russian_temp.gd:232
	at '_settle' in res://tests/hud_russian_temp.gd:291  Expecting:
 'Бросок характеристики'
 but was
 'БросокAbility характеристикиroll'	at 'test_russian_actual_controls_names_bounds_and_native_fullname' in res://tests/hud_russian_temp.gd:235
	at '_settle' in res://tests/hud_russian_temp.gd:291  Expecting:
 'Атака спутника'
 but was
 'АтакаCompanion спутникаattack'	at 'test_russian_actual_controls_names_bounds_and_native_fullname' in res://tests/hud_russian_temp.gd:236
	at '_settle' in res://tests/hud_russian_temp.gd:291

Statistics: 1 test cases | 0 errors | 37 failures | 0 flaky | 0 skipped | 0 orphans | PASSED 6s 765ms


Overall Summary: 1 test cases | 0 errors | 37 failures | 0 flaky | 0 skipped | 0 orphans |
Executed test suites: (1/1)
Executed test cases : (1/1)
Total execution time: 6s 765ms
 Open XML Report at: file://reports/russian-complete-baseline/report_1/results.xml
Open HTML Report at: file://reports/russian-complete-baseline/report_1/index.html
Exit code: 100
Run dispose test resources
