Godot Engine v4.7.2.stable.mono.official.ed1daf0bf - https://godotengine.org
OpenGL API 4.1 Metal - 90.5 - Compatibility - Using Device: Apple - Apple M3 Pro


--------------------------------------------------------------------------------------------------
GdUnit4 Comandline Tool
--------------------------------------------------------------------------------------------------
Disabled fail fast!
Set write reports to reports/russian-companion-red
Installing GdUnit4 session system hooks.
Session hook 'GdUnitHtmlTestReporter' installed.
Session hook 'GdUnitXMLTestReporter' installed.
Run Test Suite: res://tests/hud_russian_temp.gd
  res://tests/hud_russian_temp.gd > test_russian_actual_controls_names_bounds_and_native_fullname STARTED
  res://tests/hud_russian_temp.gd > test_russian_actual_controls_names_bounds_and_native_fullname FAILED 6s 774ms
  Report:
  Expecting:
 'Strength · Укус'
 but was
 'Strength · УкусBite'	at 'test_russian_actual_controls_names_bounds_and_native_fullname' in res://tests/hud_russian_temp.gd:179
	at '_click' in res://tests/hud_russian_temp.gd:266
	at '_settle' in res://tests/hud_russian_temp.gd:274  Expecting:
 'Strength · В руках: Укус'
 but was
 'Strength · В руках: УкусBite'	at 'test_russian_actual_controls_names_bounds_and_native_fullname' in res://tests/hud_russian_temp.gd:185
	at '_settle' in res://tests/hud_russian_temp.gd:274  Expecting:
 'Strength · Укус'
 but was
 'Strength · УкусBite'	at 'test_russian_actual_controls_names_bounds_and_native_fullname' in res://tests/hud_russian_temp.gd:179
	at '_click' in res://tests/hud_russian_temp.gd:266
	at '_settle' in res://tests/hud_russian_temp.gd:274  Expecting:
 'Strength · В руках: Укус'
 but was
 'Strength · В руках: УкусBite'	at 'test_russian_actual_controls_names_bounds_and_native_fullname' in res://tests/hud_russian_temp.gd:185
	at '_settle' in res://tests/hud_russian_temp.gd:274  Expecting:
 'Strength · Укус'
 but was
 'Strength · УкусBite'	at 'test_russian_actual_controls_names_bounds_and_native_fullname' in res://tests/hud_russian_temp.gd:179
	at '_click' in res://tests/hud_russian_temp.gd:266
	at '_settle' in res://tests/hud_russian_temp.gd:274  Expecting:
 'Strength · В руках: Укус'
 but was
 'Strength · В руках: УкусBite'	at 'test_russian_actual_controls_names_bounds_and_native_fullname' in res://tests/hud_russian_temp.gd:185
	at '_settle' in res://tests/hud_russian_temp.gd:274

Statistics: 1 test cases | 0 errors | 6 failures | 0 flaky | 0 skipped | 0 orphans | PASSED 6s 784ms


Overall Summary: 1 test cases | 0 errors | 6 failures | 0 flaky | 0 skipped | 0 orphans |
Executed test suites: (1/1)
Executed test cases : (1/1)
Total execution time: 6s 784ms
 Open XML Report at: file://reports/russian-companion-red/report_1/results.xml
Open HTML Report at: file://reports/russian-companion-red/report_1/index.html
Exit code: 100
Run dispose test resources
