Godot Engine v4.7.2.stable.mono.official.ed1daf0bf - https://godotengine.org
OpenGL API 4.1 Metal - 90.5 - Compatibility - Using Device: Apple - Apple M3 Pro


--------------------------------------------------------------------------------------------------
GdUnit4 Comandline Tool
--------------------------------------------------------------------------------------------------
Disabled fail fast!
Set write reports to reports/rfg339-final-native
Installing GdUnit4 session system hooks.
Session hook 'GdUnitHtmlTestReporter' installed.
Session hook 'GdUnitXMLTestReporter' installed.
Run Test Suite: res://tests/rfg339_temporary.gd
  res://tests/rfg339_temporary.gd > test_unconditional_attack_damage_and_no_recipient_mutation STARTED
  res://tests/rfg339_temporary.gd > test_unconditional_attack_damage_and_no_recipient_mutation PASSED 5ms

  res://tests/rfg339_temporary.gd > test_native_intrinsics_and_exact_class_mode STARTED
  res://tests/rfg339_temporary.gd > test_native_intrinsics_and_exact_class_mode PASSED 7ms

  res://tests/rfg339_temporary.gd > test_projection_identity_availability_and_sheet_star_context STARTED
  res://tests/rfg339_temporary.gd > test_projection_identity_availability_and_sheet_star_context PASSED 3ms

  res://tests/rfg339_temporary.gd > test_cancel_and_lost_authorization_prevent_late_rolls STARTED
  res://tests/rfg339_temporary.gd > test_cancel_and_lost_authorization_prevent_late_rolls PASSED 3ms

  res://tests/rfg339_temporary.gd > test_native_action_keeps_original_actor_and_item STARTED
  res://tests/rfg339_temporary.gd > test_native_action_keeps_original_actor_and_item PASSED 955ms

  res://tests/rfg339_temporary.gd > test_native_improvised_error_recovery_preserves_chosen_binding STARTED
  res://tests/rfg339_temporary.gd > test_native_improvised_error_recovery_preserves_chosen_binding PASSED 366ms

  res://tests/rfg339_temporary.gd > test_eurekia_draw_spend_remains_independent_of_manual_consequence STARTED
  res://tests/rfg339_temporary.gd > test_eurekia_draw_spend_remains_independent_of_manual_consequence PASSED 3ms

  res://tests/rfg339_temporary.gd > test_untargeted_ranged_ammunition_and_companion_stats STARTED
  res://tests/rfg339_temporary.gd > test_untargeted_ranged_ammunition_and_companion_stats PASSED 3ms

Statistics: 8 test cases | 0 errors | 0 failures | 0 flaky | 0 skipped | 0 orphans | PASSED 1s 360ms


Overall Summary: 8 test cases | 0 errors | 0 failures | 0 flaky | 0 skipped | 0 orphans |
Executed test suites: (1/1)
Executed test cases : (8/8)
Total execution time: 1s 360ms
 Open XML Report at: file://reports/rfg339-final-native/report_1/results.xml
Open HTML Report at: file://reports/rfg339-final-native/report_1/index.html
Exit code: 0
Run dispose test resources
